src/App.tsx(7,16): error TS1484: 'User' is a type and must be imported using a type-only import when 'verbatimModuleSyntax' is enabled.
src/constants.tsx(2,1): error TS6133: 'React' is declared but its value is never read.
src/features/activities/api/activities.ts(2,10): error TS1484: 'Activity' is a type and must be imported using a type-only import when 'verbatimModuleSyntax' is enabled.
src/features/activities/api/activities.ts(2,20): error TS6133: 'ActivityStatus' is declared but its value is never read.
src/features/activities/api/activities.ts(2,36): error TS1484: 'CreateActivityRequest' is a type and must be imported using a type-only import when 'verbatimModuleSyntax' is enabled.
src/features/activities/api/activities.ts(2,59): error TS1484: 'UpdateActivityStatusRequest' is a type and must be imported using a type-only import when 'verbatimModuleSyntax' is enabled.
src/features/activities/api/activities.ts(2,59): error TS6133: 'UpdateActivityStatusRequest' is declared but its value is never read.
src/features/activities/components/ActivityCard.tsx(4,10): error TS1484: 'Activity' is a type and must be imported using a type-only import when 'verbatimModuleSyntax' is enabled.
src/features/activities/components/AdminActivities.tsx(4,10): error TS1484: 'Activity' is a type and must be imported using a type-only import when 'verbatimModuleSyntax' is enabled.
src/features/activities/components/AdminActivities.tsx(5,57): error TS6133: 'deleteActivity' is declared but its value is never read.
src/features/activities/components/AdminActivities.tsx(6,10): error TS6133: 'CalendarPlus' is declared but its value is never read.
src/features/activities/components/AdminActivities.tsx(6,24): error TS6133: 'Trash2' is declared but its value is never read.
src/features/activities/components/AdminActivities.tsx(6,32): error TS6133: 'Edit2' is declared but its value is never read.
src/features/activities/components/AdminActivities.tsx(6,51): error TS6133: 'CheckCircle' is declared but its value is never read.
src/features/activities/components/UserHome.tsx(5,10): error TS1484: 'Activity' is a type and must be imported using a type-only import when 'verbatimModuleSyntax' is enabled.
src/features/attendance/components/AdminScan.tsx(6,10): error TS1484: 'Activity' is a type and must be imported using a type-only import when 'verbatimModuleSyntax' is enabled.
src/features/attendance/components/MyQR.tsx(5,16): error TS1484: 'User' is a type and must be imported using a type-only import when 'verbatimModuleSyntax' is enabled.
src/features/attendance/components/MyQR.tsx(7,1): error TS6192: All imports in import declaration are unused.
src/features/auth/api/auth.ts(2,10): error TS1484: 'AuthResponse' is a type and must be imported using a type-only import when 'verbatimModuleSyntax' is enabled.
src/features/auth/api/auth.ts(2,24): error TS1484: 'User' is a type and must be imported using a type-only import when 'verbatimModuleSyntax' is enabled.
src/features/auth/api/auth.ts(2,30): error TS1484: 'LoginRequest' is a type and must be imported using a type-only import when 'verbatimModuleSyntax' is enabled.
src/features/auth/api/auth.ts(2,30): error TS6133: 'LoginRequest' is declared but its value is never read.
src/features/auth/components/ProfileCompletion.tsx(7,10): error TS1484: 'User' is a type and must be imported using a type-only import when 'verbatimModuleSyntax' is enabled.
src/features/users/api/users.ts(2,10): error TS1484: 'User' is a type and must be imported using a type-only import when 'verbatimModuleSyntax' is enabled.
src/features/users/api/users.ts(2,16): error TS1484: 'CreateUserRequest' is a type and must be imported using a type-only import when 'verbatimModuleSyntax' is enabled.
src/features/users/api/users.ts(2,35): error TS1484: 'UpdateUserRequest' is a type and must be imported using a type-only import when 'verbatimModuleSyntax' is enabled.
src/features/users/components/AdminUsers.tsx(3,16): error TS1484: 'User' is a type and must be imported using a type-only import when 'verbatimModuleSyntax' is enabled.
src/features/users/components/AdminUsers.tsx(10,10): error TS6133: 'isLoading' is declared but its value is never read.
src/services/api.ts(3,3): error TS1484: 'User' is a type and must be imported using a type-only import when 'verbatimModuleSyntax' is enabled.
src/services/api.ts(4,3): error TS1484: 'Activity' is a type and must be imported using a type-only import when 'verbatimModuleSyntax' is enabled.
src/services/api.ts(5,3): error TS1484: 'AuthResponse' is a type and must be imported using a type-only import when 'verbatimModuleSyntax' is enabled.
src/services/api.ts(6,3): error TS1484: 'CreateUserRequest' is a type and must be imported using a type-only import when 'verbatimModuleSyntax' is enabled.
src/services/api.ts(7,3): error TS1484: 'UpdateUserRequest' is a type and must be imported using a type-only import when 'verbatimModuleSyntax' is enabled.
src/services/api.ts(8,3): error TS1484: 'CreateActivityRequest' is a type and must be imported using a type-only import when 'verbatimModuleSyntax' is enabled.
src/services/api.ts(9,3): error TS1484: 'RegisterActivityRequest' is a type and must be imported using a type-only import when 'verbatimModuleSyntax' is enabled.
src/services/api.ts(9,3): error TS6133: 'RegisterActivityRequest' is declared but its value is never read.
src/services/api.ts(10,3): error TS1484: 'CancelActivityRequest' is a type and must be imported using a type-only import when 'verbatimModuleSyntax' is enabled.
src/services/api.ts(10,3): error TS6133: 'CancelActivityRequest' is declared but its value is never read.
